
> dashboard@0.1.0 dev
> next dev --port 3000

   ▲ Next.js 15.4.5
   - Local:        http://localhost:3000
   - Network:      http://192.168.68.65:3000
   - Environments: .env.local

 ✓ Starting...
 ✓ Ready in 1066ms
 ○ Compiling / ...
 ✓ Compiled / in 771ms (806 modules)
(node:27933) [DEP0040] DeprecationWarning: The `punycode` module is deprecated. Please use a userland alternative instead.
(Use `node --trace-deprecation ...` to show where the warning was created)
 GET / 200 in 1007ms
 GET / 200 in 45ms
 ✓ Compiled /favicon.ico in 175ms (507 modules)
 GET /favicon.ico 200 in 256ms
 ✓ Compiled /database in 176ms (838 modules)
 GET /database 200 in 223ms
 GET /database 200 in 7ms
 ○ Compiling /costs ...
 ✓ Compiled /costs in 1248ms (2201 modules)
 GET /costs 200 in 70ms
 GET /costs 200 in 1314ms
 ✓ Compiled /documents in 274ms (2218 modules)
 GET /documents 200 in 325ms
 GET /documents 200 in 7ms
 ✓ Compiled /companies in 254ms (2235 modules)
 GET /companies 200 in 300ms
 GET / 200 in 23ms
 GET /companies 200 in 33ms
 ✓ Compiled in 570ms (2223 modules)
 GET /companies 200 in 96ms
 ✓ Compiled in 468ms (2209 modules)
 GET /companies 200 in 284ms
 GET /companies 200 in 5ms
 ✓ Compiled /debug in 224ms (2216 modules)
 GET /debug 200 in 366ms
 GET / 200 in 42ms
 ✓ Compiled /documents in 254ms (1214 modules)
 GET /documents 200 in 283ms
 GET /companies 200 in 18ms
 GET /documents 200 in 43ms
 GET /database 200 in 20ms
 GET /companies 200 in 36ms
 GET / 200 in 22ms
 ✓ Compiled /diagnostic in 236ms (2232 modules)
 GET /diagnostic 200 in 277ms
 GET /database 200 in 23ms
 GET /companies 200 in 16ms
 GET /debug 200 in 149ms
 GET /database 200 in 38ms
 ○ Compiling /analytics ...
 ✓ Compiled /analytics in 765ms (2273 modules)
 GET /analytics 200 in 817ms
 GET /companies 200 in 54ms
 GET / 200 in 54ms
 GET /analytics 200 in 13ms
 GET /analytics 200 in 9ms
 GET /costs 200 in 29ms
 ✓ Compiled in 192ms (2273 modules)
 GET / 200 in 40ms
 GET /companies 200 in 40ms
 GET /costs 200 in 41ms
 GET /debug 200 in 90ms
 ✓ Compiled in 396ms (2261 modules)
 GET / 200 in 58ms
 GET /costs 200 in 67ms
 GET /companies 200 in 42ms
 GET /debug 200 in 43ms
 ✓ Compiled in 369ms (2244 modules)
 GET / 200 in 92ms
 GET /companies 200 in 92ms
 GET /costs 200 in 91ms
 GET /debug 200 in 90ms
 ✓ Compiled in 176ms (2244 modules)
 GET /companies 200 in 47ms
 GET / 200 in 47ms
 GET /costs 200 in 47ms
 GET /debug 200 in 48ms
 ✓ Compiled in 160ms (2244 modules)
 GET /companies 200 in 64ms
 GET / 200 in 64ms
 GET /costs 200 in 64ms
 GET /debug 200 in 65ms
 GET /companies 200 in 130ms
 ✓ Compiled in 552ms (2244 modules)
 GET /companies 200 in 75ms
 GET / 200 in 88ms
 GET /companies 200 in 89ms
 GET /costs 200 in 76ms
 GET /debug 200 in 76ms
 ✓ Compiled /favicon.ico in 288ms (1222 modules)
 ✓ Compiled in 264ms (2261 modules)
 GET / 200 in 79ms
 GET /companies 200 in 80ms
 GET /costs 200 in 80ms
 GET /debug 200 in 80ms
 GET /companies 200 in 9ms
 GET /companies 200 in 123ms
 ✓ Compiled /documents in 379ms (1214 modules)
 GET /documents 200 in 487ms
 GET /companies 200 in 14ms
 GET / 200 in 18ms
 GET /companies 200 in 13ms
 GET /documents 200 in 12ms
 GET /costs 200 in 22ms
 GET /documents 200 in 11ms
 GET /companies 200 in 49ms
 GET /documents 200 in 54ms
 ✓ Compiled in 534ms (2245 modules)
 GET /companies 200 in 51ms
 GET /documents 200 in 79ms
 GET / 200 in 42ms
 GET /debug 200 in 42ms
 GET /costs 200 in 42ms
 ✓ Compiled in 298ms (2245 modules)
 GET / 200 in 65ms
 GET /companies 200 in 66ms
 GET /costs 200 in 65ms
 GET /documents 200 in 65ms
 GET /debug 200 in 66ms
 GET /documents 200 in 151ms
 GET /companies 200 in 15ms
 GET /documents 200 in 17ms
 GET /costs 200 in 15ms
 GET /costs 200 in 18ms
 GET /documents 200 in 15ms
 GET /documents 200 in 46ms
 GET /costs 200 in 18ms
 ✓ Compiled in 670ms (2245 modules)
 GET /companies 200 in 58ms
 GET / 200 in 59ms
 GET /debug 200 in 59ms
 GET /costs 200 in 59ms
 GET /costs 200 in 8ms
 ✓ Compiled in 192ms (2245 modules)
 GET / 200 in 57ms
 GET /costs 200 in 57ms
 GET /debug 200 in 57ms
 GET /companies 200 in 57ms
 GET /costs 200 in 15ms
 GET /costs 200 in 200ms
 GET /documents 200 in 26ms
 GET /companies 200 in 10ms
 GET /documents 200 in 11ms
 GET / 200 in 13ms
 GET /documents 200 in 20ms
 GET /costs 200 in 11ms
 ✓ Compiled in 588ms (2245 modules)
 GET /companies 200 in 48ms
 GET /costs 200 in 12ms
 GET /costs 200 in 196ms
 GET / 200 in 24ms
 GET /debug 200 in 114ms
 ✓ Compiled in 187ms (1039 modules)
 GET /companies 200 in 44ms
 GET /debug 200 in 57ms
 GET / 200 in 76ms
 ✓ Compiled in 337ms (2231 modules)
 GET /debug 200 in 277ms
 GET / 200 in 251ms
 GET /companies 200 in 265ms
 GET /companies 200 in 11ms
 GET /debug 200 in 11ms
 GET / 200 in 8ms
 ✓ Compiled in 223ms (2245 modules)
 GET /companies 200 in 52ms
 GET /debug 200 in 52ms
 GET / 200 in 22ms
 ✓ Compiled in 242ms (2245 modules)
 GET /debug 200 in 33ms
 GET /companies 200 in 41ms
 GET / 200 in 20ms
 GET /debug 200 in 129ms
 GET / 200 in 12ms
 GET /companies 200 in 16ms
 GET /documents 200 in 19ms
 GET /costs 200 in 19ms
 GET / 200 in 20ms
 ✓ Compiled in 441ms (2245 modules)
 GET /companies 200 in 28ms
 GET / 200 in 15ms
 GET / 200 in 16ms
 ✓ Compiled in 186ms (2245 modules)
 GET / 200 in 35ms
 GET /companies 200 in 36ms
 GET / 200 in 7ms
 GET / 200 in 121ms
 ✓ Compiled in 473ms (2245 modules)
 GET / 200 in 27ms
 GET /companies 200 in 15ms
 ✓ Compiled in 228ms (2245 modules)
 GET /companies 200 in 31ms
 GET / 200 in 30ms
 ✓ Compiled in 235ms (2245 modules)
 GET /companies 200 in 37ms
 GET / 200 in 37ms
 ✓ Compiled in 186ms (2245 modules)
 GET / 200 in 35ms
 GET /companies 200 in 37ms
 GET / 200 in 118ms
 GET /companies 200 in 18ms
 GET /documents 200 in 28ms
 GET /costs 200 in 28ms
 GET / 200 in 10ms
 ✓ Compiled /diagnostic in 257ms (1211 modules)
 GET /diagnostic 200 in 288ms
 ✓ Compiled /database in 240ms (1219 modules)
 GET /database 200 in 271ms
 GET /companies 200 in 30ms
 GET /documents 200 in 20ms
 GET /companies 200 in 12ms
 GET / 200 in 15ms
 GET /documents 200 in 44ms
 GET /companies 200 in 26ms
 GET /database 200 in 21ms
 GET /documents 200 in 19ms
 GET /costs 200 in 35ms
 GET / 200 in 39ms
 GET /companies 200 in 39ms
 GET /documents 200 in 8ms
 GET /companies 200 in 13ms
 ✓ Compiled in 559ms (2239 modules)
 GET /companies 200 in 341ms
 GET /companies 200 in 5ms
 ✓ Compiled in 429ms (2248 modules)
 GET /companies 200 in 26ms
 ✓ Compiled in 633ms (2248 modules)
 GET /companies 200 in 23ms
 ✓ Compiled in 304ms (2248 modules)
 GET /companies 200 in 26ms
 ✓ Compiled /document-overview in 318ms (2249 modules)
 GET /document-overview 200 in 363ms
 GET /document-overview 200 in 7ms
 ✓ Compiled in 455ms (2254 modules)
 GET /document-overview 200 in 43ms
 ✓ Compiled in 186ms (2254 modules)
 GET /document-overview 200 in 23ms
 ✓ Compiled in 143ms (2254 modules)
 GET /document-overview 200 in 21ms
 ✓ Compiled in 152ms (2254 modules)
 GET /document-overview 200 in 27ms
 GET /document-overview 200 in 154ms
 ✓ Compiled in 372ms (2254 modules)
 GET /document-overview 200 in 70ms
 GET /document-overview 200 in 87ms
 ✓ Compiled in 168ms (1045 modules)
 GET /document-overview 200 in 14ms
 ✓ Compiled in 86ms (1045 modules)
 GET /document-overview 200 in 7ms
 ✓ Compiled in 210ms (2240 modules)
 GET /document-overview 200 in 36ms
 ✓ Compiled in 147ms (2239 modules)
 ○ Compiling /_not-found ...
 ✓ Compiled /_not-found in 516ms (2230 modules)
 GET /document-overview 404 in 547ms
 GET /document-overview 404 in 7ms
 GET /document-overview 404 in 4ms
 GET /document-overview 404 in 36ms
 ✓ Compiled in 358ms (2244 modules)
 GET /document-overview 404 in 27ms
 GET /document-overview 404 in 40ms
 ✓ Compiled /general in 405ms (2245 modules)
 GET /general 200 in 509ms
 GET /general 200 in 20ms
 ✓ Compiled in 314ms (2251 modules)
 GET /general 200 in 32ms
 ✓ Compiled in 183ms (2251 modules)
 GET /general 200 in 24ms
 ✓ Compiled in 304ms (2251 modules)
 GET /general 200 in 35ms
 GET /general 200 in 62ms
 GET /general 200 in 48ms
 ✓ Compiled / in 190ms (1209 modules)
 GET / 200 in 236ms
 ✓ Compiled in 295ms (2254 modules)
 GET / 200 in 37ms
 ✓ Compiled /documents in 150ms (1218 modules)
 GET /documents 200 in 189ms
 GET /companies 200 in 23ms
 ✓ Compiled in 263ms (2255 modules)
 GET /companies 200 in 42ms
 GET /general 200 in 20ms
 GET / 200 in 29ms
 GET /general 200 in 8ms
 GET /general 200 in 83ms
 ✓ Compiled in 481ms (2246 modules)
 GET /general 200 in 27ms
 GET /general 200 in 79ms
 GET /companies 200 in 26ms
 GET /costs 200 in 25ms
 ✓ Compiled /documents in 102ms (1210 modules)
 GET /documents 200 in 131ms
 GET /costs 200 in 24ms
 GET / 200 in 51ms
 GET /general 200 in 34ms
 GET / 200 in 39ms
 GET /documents 200 in 47ms
 GET /costs 200 in 20ms
 ✓ Compiled /analytics in 462ms (1225 modules)
 GET /analytics 200 in 198ms
 GET /analytics 200 in 550ms
 ✓ Compiled /database in 184ms (1233 modules)
 GET /database 200 in 221ms
 ✓ Compiled in 341ms (2278 modules)
 GET /database 200 in 27ms
 GET /costs 200 in 15ms
 GET /costs 200 in 9ms
 ✓ Compiled in 877ms (2268 modules)
 GET /costs 200 in 24ms
 GET /general 200 in 55ms
 GET / 200 in 24ms
 GET /costs 200 in 16ms
 GET /documents 200 in 33ms
 GET /costs 200 in 15ms
 GET /documents 200 in 28ms
 GET / 200 in 15ms
 GET /general 200 in 13ms
 ○ Compiling /companies ...
 ⚠ Fast Refresh had to perform a full reload. Read more: https://nextjs.org/docs/messages/fast-refresh-reload
 ✓ Compiled /companies in 686ms (2269 modules)
 ⨯ ReferenceError: BarChart3 is not defined
    at eval (src/components/Sidebar.tsx:20:49)
    at (ssr)/./src/components/Sidebar.tsx (.next/server/app/companies/page.js:183:1)
  18 |   { name: 'Documents', href: '/documents', icon: FileText },
  19 |   { name: 'Cost Tracking', href: '/costs', icon: DollarSign },
> 20 |   { name: 'Analytics', href: '/analytics', icon: BarChart3 },
     |                                                 ^
  21 |   { name: 'Database', href: '/database', icon: Database },
  22 | ]
  23 | {
  digest: '1502147559'
}
 GET /companies 500 in 339ms
 ✓ Compiled in 193ms (2269 modules)
 GET /companies 200 in 95ms
 GET /documents 200 in 21ms
 GET /general 200 in 31ms
 ✓ Compiled in 153ms (2240 modules)
 GET /general 200 in 24ms
 GET /general 200 in 42ms
 ✓ Compiled in 124ms (2226 modules)
 GET /general 200 in 19ms
 GET /companies 200 in 13ms
 GET /costs 200 in 51ms
 ✓ Compiled in 552ms (2220 modules)
 GET /costs 200 in 298ms
 GET /costs 200 in 6ms
 GET / 200 in 35ms
 ✓ Compiled in 102ms (1022 modules)
 GET / 200 in 10ms
 GET / 200 in 46ms
 ✓ Compiled in 207ms (2216 modules)
 GET / 200 in 173ms
 GET / 200 in 5ms
 GET / 200 in 5ms
 ✓ Compiled /_not-found in 423ms (2221 modules)
 GET /diagnostic 404 in 448ms
 GET /diagnostic 404 in 33ms
 GET / 200 in 67ms
 GET /database 404 in 10ms
 GET /database 404 in 17ms
 GET / 200 in 37ms
 ✓ Compiled in 456ms (2235 modules)
 GET / 200 in 25ms
 GET /documents 200 in 18ms
 GET /costs 200 in 18ms
 ✓ Compiled in 185ms (2235 modules)
 GET /costs 200 in 24ms
 ✓ Compiled in 167ms (2235 modules)
 GET /costs 200 in 22ms
 ✓ Compiled in 187ms (2235 modules)
 GET /costs 200 in 25ms
 ✓ Compiled in 286ms (2235 modules)
 GET /costs 200 in 29ms
 ✓ Compiled in 195ms (2235 modules)
 GET /costs 200 in 50ms
 ✓ Compiled in 205ms (2235 modules)
 GET /costs 200 in 24ms
 ✓ Compiled in 211ms (2230 modules)
 GET /costs 200 in 37ms
 ⚠ Fast Refresh had to perform a full reload due to a runtime error.
 ✓ Compiled in 289ms (2221 modules)
 GET /costs 200 in 383ms
 ✓ Compiled in 911ms (2221 modules)
 GET /costs 200 in 165ms
 ✓ Compiled in 236ms (2221 modules)
 GET /costs 200 in 28ms
 GET /costs 200 in 197ms
 ✓ Compiled in 765ms (2221 modules)
 GET /costs 200 in 32ms
 ✓ Compiled /documents in 482ms (1208 modules)
 GET /documents 200 in 542ms
 GET /companies 200 in 16ms
 GET /general 200 in 26ms
 GET /companies 200 in 21ms
 GET /documents 200 in 10ms
 GET / 200 in 27ms
 ✓ Compiled in 989ms (2230 modules)
 GET / 200 in 24ms
 GET / 200 in 27ms
 GET / 200 in 146ms
 GET /documents 200 in 56ms
 GET /costs 200 in 72ms
 GET /companies 200 in 27ms
 GET /general 200 in 24ms
 ✓ Compiled in 439ms (2230 modules)
 GET /general 200 in 39ms
 GET /companies 200 in 26ms
 GET / 200 in 43ms
 GET /documents 200 in 19ms
 GET /companies 200 in 11ms
 ✓ Compiled in 370ms (2230 modules)
 GET /companies 200 in 39ms
 ✓ Compiled in 188ms (2230 modules)
 GET /companies 200 in 27ms
 ✓ Compiled in 493ms (2228 modules)
 GET /companies 200 in 48ms
 GET /companies 200 in 133ms
 ✓ Compiled in 745ms (2228 modules)
 GET /companies 200 in 29ms
 ✓ Compiled in 215ms (2228 modules)
 GET /companies 200 in 28ms
 ✓ Compiled in 178ms (2228 modules)
 GET /companies 200 in 31ms
 ✓ Compiled in 152ms (2228 modules)
 GET /companies 200 in 24ms
 ✓ Compiled in 283ms (2228 modules)
 GET /companies 200 in 31ms
 GET / 200 in 19ms
 GET /general 200 in 12ms
 GET /documents 200 in 18ms
 GET /companies 200 in 14ms
 GET /costs 200 in 39ms
 GET / 200 in 42ms
 GET /general 200 in 11ms
 GET /companies 200 in 25ms
 GET /documents 200 in 13ms
 GET /costs 200 in 13ms
 GET / 200 in 10ms
 ✓ Compiled /_not-found in 472ms (2219 modules)
 GET /diagnostic 404 in 504ms
 GET /diagnostic 404 in 39ms
 GET / 200 in 42ms
 GET /database 404 in 10ms
 GET /database 404 in 23ms
 GET / 200 in 42ms
 ✓ Compiled in 726ms (2233 modules)
 GET / 200 in 38ms
 GET / 200 in 111ms
 GET /general 200 in 23ms
 GET /costs 200 in 16ms
 GET /general 200 in 10ms
 GET /documents 200 in 20ms
 GET /companies 200 in 17ms
 GET /costs 200 in 10ms
 ✓ Compiled in 434ms (2228 modules)
 GET /costs 200 in 28ms
 ✓ Compiled in 198ms (2228 modules)
 GET /costs 200 in 23ms
 ✓ Compiled in 170ms (2228 modules)
 GET /costs 200 in 24ms
 ✓ Compiled in 175ms (2228 modules)
 GET /costs 200 in 26ms
 ✓ Compiled in 749ms (2228 modules)
 GET /costs 200 in 26ms
 ✓ Compiled in 182ms (2228 modules)
 GET /costs 200 in 27ms
 GET /costs 200 in 133ms
 ✓ Compiled in 352ms (2228 modules)
 GET /costs 200 in 40ms
 ✓ Compiled in 592ms (2228 modules)
 GET /costs 200 in 56ms
 GET /costs 200 in 162ms
 GET /companies 200 in 44ms
 GET /documents 200 in 20ms
 GET /costs 200 in 22ms
 ✓ Compiled in 832ms (2228 modules)
 GET /costs 200 in 24ms
 GET /costs 200 in 136ms
 ✓ Compiled in 402ms (2228 modules)
 GET /costs 200 in 36ms
 GET /costs 200 in 94ms
 GET /costs 200 in 64ms
 ✓ Compiled in 312ms (2228 modules)
 GET /costs 200 in 32ms
 GET /costs 200 in 126ms
 GET /companies 200 in 38ms
 GET /documents 200 in 18ms
 ✓ Compiled in 493ms (2228 modules)
 GET /documents 200 in 59ms
 GET /costs 200 in 41ms
 ✓ Compiled in 312ms (2228 modules)
 GET /costs 200 in 33ms
 GET /costs 200 in 145ms
 ✓ Compiled in 421ms (2228 modules)
 GET /costs 200 in 29ms
 GET /costs 200 in 162ms
 ✓ Compiled in 329ms (2228 modules)
 GET /costs 200 in 35ms
 ✓ Compiled in 224ms (2228 modules)
 GET /costs 200 in 25ms
 ✓ Compiled in 374ms (2228 modules)
 GET /costs 200 in 47ms
 ✓ Compiled in 430ms (2228 modules)
 GET /costs 200 in 37ms
 GET /documents 200 in 21ms
 GET /companies 200 in 30ms
 GET /general 200 in 15ms
 GET / 200 in 31ms
 GET /costs 200 in 12ms
 GET /documents 200 in 10ms
 GET /documents 200 in 10ms
 GET /companies 200 in 12ms
 GET / 200 in 28ms
 GET /general 200 in 121ms
 GET /general 200 in 193ms
 GET /companies 200 in 12ms
 GET /documents 200 in 27ms
 ✓ Compiled in 1240ms (2228 modules)
 GET /documents 200 in 57ms
 ✓ Compiled in 364ms (2228 modules)
 GET /documents 200 in 34ms
 ✓ Compiled in 189ms (2228 modules)
 GET /documents 200 in 33ms
 ✓ Compiled in 327ms (2228 modules)
 GET /documents 200 in 51ms
 GET /documents 200 in 142ms
 GET /companies 200 in 37ms
 GET /general 200 in 33ms
 ✓ Compiled in 764ms (2228 modules)
 GET /general 200 in 36ms
 ✓ Compiled in 165ms (2228 modules)
 GET /general 200 in 24ms
 ✓ Compiled in 184ms (2228 modules)
 GET /general 200 in 27ms
 GET /general 200 in 132ms
 ○ Compiling /favicon.ico ...
 ✓ Compiled /favicon.ico in 560ms (1224 modules)
 ✓ Compiled in 735ms (2228 modules)
 GET /general 200 in 207ms
 ✓ Compiled in 284ms (2228 modules)
 GET /general 200 in 40ms
 ✓ Compiled in 253ms (2228 modules)
 GET /general 200 in 24ms
 GET /companies 200 in 65ms
 GET /documents 200 in 49ms
 GET /general 200 in 27ms
 GET / 200 in 26ms
 GET /costs 200 in 32ms
 ✓ Compiled in 952ms (2228 modules)
 GET /costs 200 in 38ms
 ✓ Compiled in 327ms (2228 modules)
 GET /costs 200 in 34ms
 ✓ Compiled in 237ms (2228 modules)
 GET /costs 200 in 26ms
 ✓ Compiled in 205ms (2228 modules)
 GET /costs 200 in 38ms
 ⚠ Fast Refresh had to perform a full reload due to a runtime error.
 ✓ Compiled in 336ms (2228 modules)
 GET /costs 200 in 497ms
 ✓ Compiled in 415ms (2228 modules)
 GET /costs 200 in 168ms
 ✓ Compiled in 199ms (2228 modules)
 GET /costs 200 in 28ms
 ✓ Compiled in 198ms (2228 modules)
 GET /costs 200 in 34ms
 ✓ Compiled in 1068ms (2228 modules)
 GET /costs 200 in 44ms
 ✓ Compiled in 375ms (2228 modules)
 GET /costs 200 in 34ms
 ✓ Compiled in 374ms (2228 modules)
 GET /costs 200 in 38ms
 ✓ Compiled in 299ms (2228 modules)
 GET /costs 200 in 38ms
 ✓ Compiled in 214ms (2228 modules)
 GET /costs 200 in 124ms
 GET /costs 200 in 27ms
 GET /documents 200 in 73ms
 GET /companies 200 in 26ms
 GET /documents 200 in 10ms
 ✓ Compiled in 649ms (2228 modules)
 GET /documents 200 in 26ms
 GET / 200 in 50ms
 ○ Compiling /_not-found ...
 ✓ Compiled /_not-found in 2.6s (2219 modules)
 GET / 404 in 2886ms
 GET /_next/static/css/app/layout.css?v=1754493288377 404 in 75ms
 GET /_next/static/chunks/app/layout.js 404 in 74ms
 GET /_next/static/chunks/main-app.js?v=1754493288377 404 in 75ms
 GET /_next/static/chunks/app-pages-internals.js 404 in 74ms
 GET / 200 in 199ms
 GET /_next/static/chunks/app/layout.js 404 in 93ms
 GET /_next/static/chunks/main-app.js?v=1754493291190 404 in 94ms
 GET /_next/static/chunks/app-pages-internals.js 404 in 94ms
 GET /_next/static/css/app/layout.css?v=1754493291190 404 in 94ms
 GET /_next/static/chunks/app/page.js 404 in 21ms
 GET / 200 in 42ms
 GET /_next/static/chunks/app-pages-internals.js 404 in 87ms
 GET /_next/static/chunks/main-app.js?v=1754493292224 404 in 87ms
 GET /_next/static/chunks/app/layout.js 404 in 88ms
 GET /_next/static/chunks/app/page.js 404 in 88ms
 GET /_next/static/css/app/layout.css?v=1754493292224 404 in 89ms
[?25h
